LessonNum            Color                Code       Number               GradeLevel             Paragraph                                                                                                                                                                                                                                                        Comments                                                                                                                                                                                                                                                         CB                   CDT                     MB                   MDT
-------------------- -------------------- ---------- -------------------- ---------------------- ---------------------------------------------------------------------------------------------------------------------------------------------------------------------------------------------------------------------------------------------------------------- ---------------------------------------------------------------------------------------------------------------------------------------------------------------------------------------------------------------------------------------------------------------- -------------------- ----------------------- -------------------- -----------------------
6                    Aqua                 2a         3                    3                         Long ago people lived in caves.  They sat and slept on the ground.  They had no tools, so they had to tear things apart with their hands and crack nuts with their teeth.  Then someone found that a sharp stone would cut.  Someone else saw that a rock wou                                                                                                                                                                                                                                                                  1                    2002-06-19 13:27:51.000 1                    2002-07-18 15:42:06.000

(1 row(s) affected)

