LessonNum	Seq	LevelNo	Lesson	Title	Keyword	Msg1	Msg2	Words	Start	CB	CDT	MB	MDT
1	500	2	1	Short A	at	Say 'at'.  Now say it without the 't' sound.  Now try to read these words.	Because each word has only one vowel and the vowel doesn't end a syllable, the vowel sound is short.	bat cat rat hat fat sat mat an can ran tan fan Dan pan man am ham Sam jam bad dad sad mad lad nap	NULL	1	2002-08-26 00:00:00.000	1	2002-08-26 00:00:00.000
2	501	2	2	Short A (2nd set)	at	Say 'at'.  Now say it without the 't' sound.  Now try to read these words.	Because each word has only one vowel and the vowel doesn't end a syllable, the vowel sound is short.	gap map tap lap and pad bag ban rag tag gas cap wag pat tat band Jan van Pam ram fad had sap gad yap	NULL	1	2002-08-26 00:00:00.000	1	2002-08-26 00:00:00.000
3	510	2	1	Short E	Ed	Say 'Ed'.  Now say it without the 'd' sound.  Now try to read these words.	Because each word has only one vowel and the vowel doesn't end a syllable, the vowel sound is short.	bed red fed led Ned Ted wed den ten Ben yen hen men pen let bet met set jet wet pet vet yet net get	NULL	1	2002-08-26 00:00:00.000	1	2002-08-26 00:00:00.000
4	511	2	2	Short E (2nd set)	Ed	Say 'Ed'.  Now say it without the 'd' sound.  Now try to read these words.	Because each word has only one vowel and the vowel doesn't end a syllable, the vowel sound is short.	peg leg web beg keg Meg Deb bell Mel sell fell well Del jell tell yell tent sent rent went vent bent lent dent yes	NULL	1	2002-08-26 00:00:00.000	1	2002-08-26 00:00:00.000
5	520	2	1	Short I	it	Say 'it'.  Now say it without the 't' sound.  Now try to read these words.	Because each word has only one vowel and the vowel doesn't end a syllable, the vowel sound is short.	hit fit sit lit in tin sin win fin Tim Jim him big dig pig fig tip hip lip sip nip rim rip hid rib	NULL	1	2002-08-26 00:00:00.000	1	2002-08-26 00:00:00.000
6	521	2	2	Short I (2nd set)	it	Say 'it'.  Now say it without the 't' sound.  Now try to read these words.	Because each word has only one vowel and the vowel doesn't end a syllable, the vowel sound is short.	mix rig lid fib six dim did bib fix bit kid kit dip pit wit bin kin pin wig bid mid rid Sid jig nix	NULL	1	2002-08-26 00:00:00.000	1	2002-08-26 00:00:00.000
7	530	2	1	Short O	on	Say 'on'.  Now say it without the 'n' sound.  Now try to read these words.	Because each word has only one vowel and the vowel doesn't end a syllable, the vowel sound is short.	Don Ron Bob rob sob job mob lob cob dog log fog hog bog cog jog rod nod cod God  mod hod pod Todd hot	NULL	1	2002-08-26 00:00:00.000	1	2002-08-26 00:00:00.000
8	531	2	2	Short O (2nd set)	on	Say 'on'.  Now say it without the 'n' sound.  Now try to read these words.	Because each word has only one vowel and the vowel doesn't end a syllable, the vowel sound is short.	dot pot lot not jot rot cot got tot top hop pop mop cop mom Tom sod odd off ox box fox pox boss loss	NULL	1	2002-08-26 00:00:00.000	1	2002-08-26 00:00:00.000
9	540	2	1	Short U	up	Say 'up'.  Now say it without the 'p' sound.  Now try to read these words.	Because each word has only one vowel and the vowel doesn't end a syllable, the vowel sound is short.	bug dug hug tug rug lug mug pug jug cut nut hut but jut mutt rut run sun bun gun gum hum sum bum rum	NULL	1	2002-08-26 00:00:00.000	1	2002-08-26 00:00:00.000
10	541	2	2	Short U (2nd set)	up	Say 'up'.  Now say it without the 'p' sound.  Now try to read these words.	Because each word has only one vowel and the vowel doesn't end a syllable, the vowel sound is short.	yum bus fuss Gus fun us bud dud tub cub dub hub rub pup cup sup up cud mud tux dull gull hunt bunt punt	NULL	1	2002-08-26 00:00:00.000	1	2002-08-26 00:00:00.000
11	550	2	1	Review of Short Vowels	a-at, e-Ed, i-It, o-off, u-up	Say each word, then just say the vowel sound.  Practice on the words shown below.	Because each word has only one vowel and the vowel doesn't end a syllable, the vowel sound is short.	mat hot tin cup bet pan hit pet hip wet men nun pup fib den beg mug sod can wag mad jog sin sum net	NULL	1	NULL	NULL	NULL
12	551	2	2	Review of Short Vowels (2nd set)	a-at, e-Ed, i-It, o-off, u-up	Say each word, then just say the vowel sound.  Practice on the words shown below.	Because each word has only one vowel and the vowel doesn't end a syllable, the vowel sound is short.	sat set fed nap pot mix fat dug pen tub dig ran nod bit jug wed cap got rip rub red ten hop dip cud	NULL	1	NULL	NULL	NULL
13	560	2	1	Blending "r"	brass	Say 'brass'.  Now say it without the 'ass' sound.  Now try to read these words.		brat prim trek grin brim gram dress grab frog drug press brag Fred crib grid brass from drink prod prom trap gruff prop drill bred	NULL	1	2002-08-26 00:00:00.000	1	2002-08-26 00:00:00.000
14	561	2	2	Blending "r" (2nd set)	brass	Say 'brass'.  Now say it without the 'ass' sound.  Now try to read these words.	NULL	dram cram dran fret crop grub trip Greg trod frill crab Fran drip brad drum frat grass crest grip grog drab trot trim drop brig	NULL	1	2002-08-26 00:00:00.000	1	2002-08-26 00:00:00.000
15	570	2	1	Blending "l"	flag	Say 'flag'.  Now say it without the 'ag' sound.  Now try to read these words.	NULL	flap clan slap split pluck clip glib plop plot slug blend slip glad flip bled plus flag bless plant flat glint block clap slum clot	NULL	1	2002-08-26 00:00:00.000	1	2002-08-26 00:00:00.000
16	571	2	2	Blending "l" (2nd set)	flag	Say 'flag'.  Now say it without the 'ag' sound.  Now try to read these words.	NULL	blink gloss flop club glob slap plod splint slam slid glad cliff flunk glen plan splat glum clamp black slop cluck bluff flit plum blot	NULL	1	2002-08-26 00:00:00.000	1	2002-08-26 00:00:00.000
17	575	2	1	Blending "s"	stop	Say 'stop'.  Now say it without the 'op' sound.  Now try to read these words.	NULL	scat smug stab skin spin snap snack snob stem spank step scuff skid scan skit skip sniff swig smack stub smog snub scab spill swift	NULL	1	2002-08-26 00:00:00.000	1	2002-08-26 00:00:00.000
18	576	2	2	Blending "s" (2nd set)	stop	Say 'stop'.  Now say it without the 'op' sound.  Now try to read these words.	NULL	spit swell spat snug span swiss skim smell smock smit speck snip spend sped spot snag spell snick swing snuff smash still swim spun skat	NULL	1	2002-08-26 00:00:00.000	1	2002-08-26 00:00:00.000
19	650	2	1	Silent "e" Rule "a"	game		An "e" at the end of the word makes the previous vowel say the long sound.	game same shame made make snake lake shake shade shave brake ate hate mate cave save safe state grape tape gave rate name plane gate	NULL	1	2002-08-26 00:00:00.000	1	2002-08-26 00:00:00.000
20	685	2	2	Silent "e" Rule "e"	Steve	NULL	An "e" at the end of the word makes the previous vowel say the long sound.	Pete eve Crete Ede mete	NULL	1	2002-08-26 00:00:00.000	1	2002-08-26 00:00:00.000
21	660	2	3	Silent "e" Rule "i"	bike	NULL	An "e" at the end of the word makes the previous vowel say the long sound.	hike like spike hide side pride slide smile while fine shine kite white pipe wipe dime time crime dive five drive size fire tire wire	31	1	2002-08-26 00:00:00.000	1	2002-08-26 00:00:00.000
22	670	2	4	Silent "e" Rule "o"	rope	NULL	An "e" at the end of the word makes the previous vowel say the long sound.	hope note code smoke grove home bone froze drove hole stove rose broke stone throne globe zone coke scope more score store sore vote doze	56	1	2002-08-26 00:00:00.000	1	2002-08-26 00:00:00.000
23	671	2	5	Silent "e" Rule "u"	rude	NULL	An "e" at the end of the word makes the previous vowel say the long sound.	use tube tune duke mule flute huge cute cube rude dude brute cure pure rule crude lute prune mute nude fluke June Luke dune brume	81	1	2002-08-26 00:00:00.000	1	2002-08-26 00:00:00.000
24	690	2	1	Double Vowel Rule "ai"	aim		When two vowels are together, the first is long and the second is silent.	rain aim gain main brain claim grain drain chain train pain plain bail jail fail mail nail snail pail quail rail sail tail faint paint	NULL	1	2002-08-26 00:00:00.000	1	2002-08-26 00:00:00.000
25	691	2	2	Double Vowel Rule (2nd set)	aim		When two vowels are together, the first is long and the second is silent.	aid braid paid laid maid raid bait wait faith quaint wail ail pair strain trail trait praise waist hair slain stairs lair brail fair stain	NULL	1	2002-08-26 00:00:00.000	1	2002-08-26 00:00:00.000
26	700	2	1	Double Vowel Rule "ay"	day		When two vowels are together, the first is long and the second is silent.	bay hay Ray gray Jay Fay tray fray day stay lay may say slay sway pray play clay way gay spray flay bray Kay pay	NULL	1	2002-08-26 00:00:00.000	1	2002-08-26 00:00:00.000
27	710	2	1	Double Vowel Rule "ee"	keep		When two vowels are together, the first is long and the second is silent.	deed week meek peek reef beef feed heel teen seen peel beep weep deep keep seem peep jeep steel need seek queen reel feet feel	NULL	1	2002-08-26 00:00:00.000	1	2002-08-26 00:00:00.000
28	720	2	1	Double Vowel Rule "ea"	eat	NULL	When two vowels are together, the first is long and the second is silent.	tea beam heat preach leaf neat read meat flea leave reach hear least leak steal feast east team spear cheat each ear beach tear seat	NULL	1	2002-08-26 00:00:00.000	1	2002-08-26 00:00:00.000
29	721	2	2	Double Vowel Rule "ea" (2nd set)	eat	NULL	When two vowels are together, the first is long and the second is silent.	feat steam plead stream bead speak sneak lead cream peach teach plea Dean treat dream beak lean seam beat bleat smear peak bean bleach sea	NULL	1	2002-08-26 00:00:00.000	1	2002-08-26 00:00:00.000
30	730	2	1	Double Vowel Rule "oa, oe, ow"	oat, Joe, own	NULL	When two vowels are together, the first is long and the second is silent.	float loan coach bloat coal boar groan Joan road moan oath load oaf roast coast loaf foam oak soap boast toast toad soak roar roam	NULL	1	2002-08-26 00:00:00.000	1	2002-08-26 00:00:00.000
31	730	2	2	Double Vowel Rule "oa, oe, ow" (2nd set)	oat, Joe, own	NULL	When two vowels are together, the first is long and the second is silent.	soar roan croak toe woe hoe goes foe doe flow bow low row slow show mow tow grow grown glow flow snow blown bowl shown	NULL	1	2002-08-26 00:00:00.000	1	2002-08-26 00:00:00.000
32	740	2	1	Double Vowel Rule "ui,ue,ew"	suit, Sue, new	NULL	When two vowels are together, the first is long and the second is silent.	suit fruit flue glue due Sue hue blue clue cue screw crew drew Jew stew pew new threw chew grew blew few dew flew slew	NULL	1	2002-08-26 00:00:00.000	1	2002-08-26 00:00:00.000
33	750	2	1	Double Vowel Rule "ie"	pie, brief	NULL	Some 'ie' words break the two vowel rule and make the long "e" sound.  These must be memorized.	die spied lie tie cries died lies pies tied lied spies tried tries fried cried grieve grief field chief piece niece priest thief shield shriek	NULL	1	2002-08-26 00:00:00.000	1	2002-08-26 00:00:00.000
34	630	2	1	Double Vowel Rule "au, aw"	auto, awful	NULL	When two vowels are together, the first is long and the second is silent.	haul fault cause pause clause gause sauce maul haunt daub draw crawl dawn squaw flaw hawk claw raw lawn straw saw paw yawn law jaw	NULL	1	2002-08-26 00:00:00.000	1	2002-08-26 00:00:00.000
35	640	2	1	Double Vowel Rule "oo"	book, moon	NULL	When two vowels are together, the first is long and the second is silent.	wood good hood hook cook stood look nook brook crook snoop snoot snooze spoon spool stool stoop boo boot gloom sloop broom droop groove proof	NULL	1	2002-08-26 00:00:00.000	1	2002-08-26 00:00:00.000
36	580	2	1	Consonant Digraphs "sh"	she	Say 'she'.  Now say it without the "e" sound.		flash shame fish shag shoot plush shape shin shawl shone slosh sheep shock shed shop splash sheet dash shelf shrine brush shake hash shift shrimp	NULL	1	2002-08-26 00:00:00.000	1	2002-08-26 00:00:00.000
37	581	2	2	Consonant Digraphs "sh" (2nd set)	she	Say 'she'.  Now say it without the "e" sound.	NULL	crush shell crash shin shrug trash rush show shine shrub shy sheik rash ship shut shelve shrill dish shod shun shade hush shaft shook shucks	NULL	1	2002-08-26 00:00:00.000	1	2002-08-26 00:00:00.000
38	590	2	1	Consonant Digraphs "ch"	chin	Say 'chin'.  Now say it without the "in" sound.	NULL	church match pinch chap chip hatch chose inch chant chive chin choose chest chat chop chill ditch pitch chief chump ranch hitch champ chick chum	NULL	1	2002-08-26 00:00:00.000	1	2002-08-26 00:00:00.000
39	591	2	2	Consonant Digraphs "ch" (2nd set)	chin	Say 'chin'.  Now say it without the "in" sound.	NULL	chug chance trench speech cheap Chuck breach wrench chain chime chunk branch preach check chase snatch crutch reach cheese choke stitch drench peach cheep change	NULL	1	2002-08-26 00:00:00.000	1	2002-08-26 00:00:00.000
40	610	2	1	Dipthongs "oi, oy"	oi, boy	Say 'boy'.  Now say it without the "b" sound.	NULL	boil coil toil soil spoil broil coin join joint point noise moist loin voice hoist poise foil void joy toy Roy toys soy coy Troy	NULL	1	2002-08-26 00:00:00.000	1	2002-08-26 00:00:00.000
41	620	2	1	Dipthongs "ou"	out	Say 'out'.  Now say it without the "t" sound.	NULL	out our flour house mouse trout count mount bound found hound mound pound round sound wound ground scout shout mouth loud cloud couch grouch snout	NULL	1	2002-08-26 00:00:00.000	1	2002-08-26 00:00:00.000
42	1000	3	1	Short A	at	Say 'at'.  Now say it without the 't' sound.  Now try to read these words.	Because each word has only one vowel and the vowel doesn't end a syllable, the vowel sound is short.	smack vast patch stamp last track chant clamp brass ask stack blast branch ramp past grand grant gland quack mask bland craft flash crack task	NULL	1	2002-08-26 00:00:00.000	1	2002-08-26 00:00:00.000
43	1001	3	2	Short A (2nd set)	at	Say 'at'.  Now say it without the 't' sound.  Now try to read these words.	Because each word has only one vowel and the vowel doesn't end a syllable, the vowel sound is short.	scab draft staff flag grass stab clasp glass slab snatch shag grasp class crab match stag damp graft mast latch cram camp gasp plan stand	NULL	1	2002-08-26 00:00:00.000	1	2002-08-26 00:00:00.000
44	1010	3	1	Short E	Ed	Say 'Ed'.  Now say it without the 'd' sound.  Now try to read these words.	Because each word has only one vowel and the vowel doesn't end a syllable, the vowel sound is short.	sled shell slept mend fresh melt spent wept bless stem chest shed yell vest swell speck sketch check elf wreck shelf crest swept deft cleft	NULL	1	2002-08-26 00:00:00.000	1	2002-08-26 00:00:00.000
46	1012	3	1	Short A and E				went raft lent slab mess pant welsh snag shaft slant peck tent flat self bent bass cramp bash hen vast mesh dent rent mass crest	NULL	1	2002-08-26 00:00:00.000	1	2002-08-26 00:00:00.000
47	1013	3	2	Short A and E (2nd set)	NULL	NULL	NULL	welch dash lass grab shelf lend west held slam felt yen gash rash weld flap cash belt well mash trash lash hash drab quell vent	NULL	1	2002-08-26 00:00:00.000	1	2002-08-26 00:00:00.000
50	1014	3	1	Short A, E and I	NULL	NULL	NULL	shell shift lent brass flesh crash hemp fleck rest less lisp brat drip trick split elf mast sift sham slap smash slip plant speck tramp	NULL	1	2002-08-26 00:00:00.000	1	2002-08-26 00:00:00.000
51	1015	3	2	Short A, E and I (2nd set)	NULL	NULL	NULL	tint best stitch slash trip dram rim shin meld hick tell lint thin flag flash blast wit itch lash sell span tin rash fell script	NULL	1	2002-08-26 00:00:00.000	1	2002-08-26 00:00:00.000
52	1031	3	1	Short O (2nd set)	off	Say 'off'.  Now say it without the 'ff' sound.  Now try to read these words.	Because each word has only one vowel and the vowel doesn't end a syllable, the vowel sound is short.	soft chop sock pond boss bond clod loss romp frost cob plod botch loft prong mock clog frock crop pod prop bomb song pong moss	NULL	1	2002-08-26 00:00:00.000	1	2002-08-26 00:00:00.000
45	1011	3	2	Short E (2nd set)	Ed	Say 'Ed'.  Now say it without the 'd' sound.  Now try to read these words.	Because each word has only one vowel and the vowel doesn't end a syllable, the vowel sound is short.	zest crept fleck shred wretch dredge yelp flesh ledge belch bled clench edge elm welt wrench tenth deft quest wedge heft fetch squelch kelp drench	NULL	1	2002-08-26 00:00:00.000	1	2002-08-26 00:00:00.000
48	1020	3	1	Short I	it	Say 'it'.  Now say it without the 't' sound.  Now try to read these words.	Because each word has only one vowel and the vowel doesn't end a syllable, the vowel sound is short.	limp shift drift strict chick sift brick flint splint tilt split print itch slit clip flip stick shrimp mint wrist grip drip click silk crib	1	1	2002-08-26 00:00:00.000	1	2002-08-26 00:00:00.000
49	1021	3	2	Short I (2nd set)	it	Say 'it'.  Now say it without the 't' sound.  Now try to read these words.	Because each word has only one vowel and the vowel doesn't end a syllable, the vowel sound is short.	brim crisp link blink grim glint chin cliff pink sprint witch ditch skin skim hitch mint pitch twin spill chip strip sniff drill split pinch	0	1	2002-08-26 00:00:00.000	1	2002-08-26 00:00:00.000
53	1030	3	2	Short O	off	Say 'off'.  Now say it without the 'ff' sound.  Now try to read these words.	Because each word has only one vowel and the vowel doesn't end a syllable, the vowel sound is short.	bog chock blot hock jog lob plot block trot golf flop slob long bob lodge tongs josh slop loll pons pock mod mock hod cog	NULL	1	2002-08-26 00:00:00.000	1	2002-08-26 00:00:00.000
54	1032	3	1	Short A, E, I and O	NULL	NULL	NULL	scalp sketch grim scoff scram stem stitch sloth slash stress switch snob snatch swell blimp blond blend flick smash fledge flit flog span flex brisk	NULL	1	2002-08-26 00:00:00.000	1	2002-08-26 00:00:00.000
55	1033	3	2	Short A, E, I and O (2nd set)	NULL	NULL	NULL	glob stag drench drift plop draft trek dredge trim broth flip prod blab trench swift trod strict stock flask flesh grip prop graft bridge gloss	NULL	1	2002-08-26 00:00:00.000	1	2002-08-26 00:00:00.000
56	1040	3	1	Short U	up	Say 'up'.  Now say it without the 'p' sound.  Now try to read these words.	Because each word has only one vowel and the vowel doesn't end a syllable, the vowel sound is short.	scuff scrub scruff scum skull slum slug smut snub snuff spud sprung spun strum strut stub stuff swung swum bluff blush flub fluff flunk flush	NULL	1	2002-08-26 00:00:00.000	1	2002-08-26 00:00:00.000
57	1041	3	2	Short U (2nd set)	up	Say 'up'.  Now say it without the 'p' sound.  Now try to read these words.	Because each word has only one vowel and the vowel doesn't end a syllable, the vowel sound is short.	flux trump drunk drub drug grub grunt gruff brush crumb crush crutch crunch plump plumb pluck glut glum trust fund gulch gush hulk bulb dutch	NULL	1	2002-08-26 00:00:00.000	1	2002-08-26 00:00:00.000
58	1050	3	1	Review All Short Vowels				scamp press script crock bulk scat pledge skiff slop numb slab bless slink block cusp snap step snitch flock duct splash fetch splint plot gulp	NULL	1	2002-08-26 00:00:00.000	1	2002-08-26 00:00:00.000
59	1051	3	2	Review All Short Vowels (2nd set)	NULL	NULL	NULL	drab fez sprint bomb gust tract hedge stilt bash bulk blast belt crimp cog junk flak deft crisp loll lull cramp kelp stint gosh mulch	NULL	1	2002-08-26 00:00:00.000	1	2002-08-26 00:00:00.000
60	1180	3	1	Silent "e" Rule "u"		NULL		tub/tube sit/site plum/plume bit/bite scrap/scrape kit/kite Sam/same rat/rate win/wine hug/huge pin/pine slid/slide van/vane Tim/time flak/flake rip/ripe rid/ride glob/globe not/note mat/mate slat/slate pal/pale fad/fade sham/shame cut/cute shin/shine spin	NULL	1	2002-08-26 00:00:00.000	1	2002-08-26 00:00:00.000
61	1160	3	1	Silent "e" Rule "i"		More Practice	NULL	shrine smite shone scale scrape shale scribe slave chafe snipe spade splice spruce stale blaze flake globe plebe spice brace crave drone grate probe tribe	NULL	1	2002-08-26 00:00:00.000	1	2002-08-26 00:00:00.000
62	1150	3	2	Silent "e" Rule "a"	NULL	More Practice	NULL	shame slate change snide sole sprite stage flume glide plume prune grope drake craze brute spike choke gripe crime brave spade flame slake trace grime	NULL	1	2002-08-26 00:00:00.000	1	2002-08-26 00:00:00.000
63	1190	3	1	Double Vowel Rule "ai, ay"	aim, day	NULL	When two vowels are together, the first is long and the second is silent.	pray tray dray sway gray bray spray flay fray clay slay stay trail grain drain braid brain slain flail Spain praise snail chain stain sprain	NULL	1	2002-08-26 00:00:00.000	1	2002-08-26 00:00:00.000
64	1210	3	1	Double Vowel Rule "ea, ee"	eat, eel	NULL	When two vowels are together, the first is long and the second is silent.	cheat sneak breach creak crease grease preach gleam scream treat plead steal squeeze Greece breeze sweep sleeve spleen fleet skeet bleed creep breed speech creek	NULL	1	2002-08-26 00:00:00.000	1	2002-08-26 00:00:00.000
65	1230	3	1	Double Vowel Rule "oa, oe, ow"	oat, Joe, own	NULL	When two vowels are together, the first is long and the second is silent.	soap moan coal foam roam groan roast road soak croak float boast toad coach roan bloat loaf coast roach coat loan Joan oaf boat toast	NULL	1	2002-08-26 00:00:00.000	1	2002-08-26 00:00:00.000
66	1231	3	2	Double Vowel Rule "oa, oe, ow" (2nd set)	oat, Joe, own	NULL	When two vowels are together, the first is long and the second is silent.	doe hoe foe woe Moe toes goes hoes flow low row slow show mow tow grow grown glow flown snow shown blown own growth bowl	NULL	1	2002-08-26 00:00:00.000	1	2002-08-26 00:00:00.000
67	1240	3	1	Double Vowel Rule "ui, ue, ew"	suit, Sue, new	NULL	When two vowels are together, the first is long and the second is silent.	suit fruit cruise glue due true hue flue clue cue screw crew drew brew stew pew knew threw chew grew blew few dew flew slew	NULL	1	2002-08-26 00:00:00.000	1	2002-08-26 00:00:00.000
68	1250	3	1	Double Vowel Rule "ie"	pie, brief	NULL		die spied lie tie cries died lies pies tied lied spies tried tries fried cried grieve grief field chief brief niece priest thief shield shriek	NULL	1	2002-08-26 00:00:00.000	1	2002-08-26 00:00:00.000
69	1130	3	1	Double Vowel Rule "au, aw"	auto, awful	NULL	NULL	taut fault vault taunt jaunt launch gaunt gaud haunch laud paunch Saul flaunt sprawl brawl craw awe squawk brawn pawn clause crawl squaw flaw yawn	NULL	1	2002-08-26 00:00:00.000	1	2002-08-26 00:00:00.000
70	1140	3	1	Double Vowel Rule "oo"	moon	NULL	NULL	wood wool hood hook cook stood shook nook brook crook smooch smooth stooge swoon loon booth brood groom scoop scrooge snooze droop groove snoop proof	NULL	1	2002-08-26 00:00:00.000	1	2002-08-26 00:00:00.000
71	1110	3	1	Double Vowel Rule "oi, oy"	oil, boy	NULL	NULL	boil coil toil soil spoil broil coin join joint point noise moist loin voice hoist poise foil void joy toy Roy toys soy coy Troy	NULL	1	2002-08-26 00:00:00.000	1	2002-08-26 00:00:00.000
72	1120	3	1	Double Vowel Rule "ou"	out	NULL	NULL	out our flour house mouse trout count mount bound found hound mound pound round sound wound ground scout shout mouth loud cloud couch grouch snout	NULL	1	2002-08-26 00:00:00.000	1	2002-08-26 00:00:00.000
73	100	1	1	Short A	at	Say 'at'.  Now say it without the 't' sound.  Now try to read these words.	NULL	cat hat sat ran an am bad lad gap and cap Jan ram fad wag tap	NULL	1	2002-08-26 00:00:00.000	1	2002-08-26 00:00:00.000
74	110	1	1	Short E	Ed	Say 'Ed'.  Now say it without the 'd' sound.  Now try to read these words.	NULL	fed led wed yen met vet get Mel fell well jell sent rent went vent lent	NULL	1	2002-08-26 00:00:00.000	1	2002-08-26 00:00:00.000
75	120	1	1	Short I	it	Say 'it'.  Now say it without the 't' sound.  Now try to read these words.	NULL	hit sit in tin win fin Tim pig tip sip rim rip hid mix rig six	NULL	1	2002-08-26 00:00:00.000	1	2002-08-26 00:00:00.000
76	130	1	1	Short O	on	Say 'on'.  Now say it without the 'n' sound.  Now try to read these words.	NULL	nod sob dot pop not boss hot moss log lot pot hop got top job hog	NULL	1	2002-08-26 00:00:00.000	1	2002-08-26 00:00:00.000
77	140	1	1	Short U	up	Say 'up'.  Now say it without the 'p' sound.  Now try to read these words.	NULL	bug dug hug tug rug mug jug cut nut hut but mutt rut run sun bun	NULL	1	2002-08-26 00:00:00.000	1	2002-08-26 00:00:00.000
78	150	1	1	Review Short Vowel Sounds	NULL	NULL	NULL	hat sat ran Deb Mel fell hit sit lit sob dot pop bug dug hug	NULL	1	2002-08-26 00:00:00.000	1	2002-08-26 00:00:00.000
79	160	1	1	Blends "R"	NULL	NULL	NULL	brat prim grin brim gram dress grab frog drug press brag Fred crib grid brass frock	NULL	1	2002-08-26 00:00:00.000	1	2002-08-26 00:00:00.000
80	170	1	1	Blends "L"	NULL	NULL	NULL	flap clan slap split pluck clip glib plop plot slug blend slip glad flip bled plus	NULL	1	2002-08-26 00:00:00.000	1	2002-08-26 00:00:00.000
81	180	1	1	Consonant Digraphs "sh"	NULL	NULL	NULL	flash shame fish shag shoot plush shape shin shawl shone slosh sheep shock shed shop splash	NULL	1	2002-08-26 00:00:00.000	1	2002-08-26 00:00:00.000
82	190	1	1	Consonant Digraphs "ch"	NULL	NULL	NULL	church match pinch chap chip hatch chose inch chant chive chin choose chest chat chop chill	NULL	1	2002-08-26 00:00:00.000	1	2002-08-26 00:00:00.000
83	200	1	1	Consonant Digraphs "wh, th"	NULL	NULL	NULL	whack ship whiff whim whisk Smith this with then thick	NULL	1	2002-08-26 00:00:00.000	1	2002-08-26 00:00:00.000
84	210	1	1	Dipthongs "oi"	NULL	NULL	NULL	boil coil toil soil spoil broil coin join joint point	NULL	1	2002-08-26 00:00:00.000	1	2002-08-26 00:00:00.000
85	220	1	1	Dipthongs "ou"	NULL	NULL	NULL	out our flour mouse trout count mount bound found hound pout stout	NULL	1	2002-08-26 00:00:00.000	1	2002-08-26 00:00:00.000
86	230	1	1	Dipthongs "au, aw"	NULL	NULL	NULL	haul fault cause pause clause gause sauce maul haunt daub draw crawl	NULL	1	2002-08-26 00:00:00.000	1	2002-08-26 00:00:00.000
87	240	1	1	Dipthongs "oo"	NULL	NULL	NULL	wood good hood hook cook stood look nook brook crook spoon spool stool stoop boo boot	NULL	1	2002-08-26 00:00:00.000	1	2002-08-26 00:00:00.000
88	250	1	1	Silent E "a"	NULL	NULL	NULL	game same shame made make snake lake shake shade shave brake ate hate mate cave save slate safe state tape gave rate name plane	NULL	1	2002-08-26 00:00:00.000	1	2002-08-26 00:00:00.000
89	260	1	1	Silent E "i"	NULL	NULL	NULL	hike like spike hide side price slide smile while fine shine kite white pipe wipe dime time crime dive five drive size tire wire	NULL	1	2002-08-26 00:00:00.000	1	2002-08-26 00:00:00.000
90	270	1	1	Silent E "o"	NULL	NULL	NULL	hope note code smoke home bone froze drove hole stove broke stone zone coke scope vote doze mope stole slope	NULL	1	2002-08-26 00:00:00.000	1	2002-08-26 00:00:00.000
91	280	1	1	Silent E "u"	NULL	NULL	NULL	use tube tune duke mule flute huge cute cube rude	NULL	1	2002-08-26 00:00:00.000	1	2002-08-26 00:00:00.000
92	290	1	1	Double Vowel Rule "ai"	NULL	NULL	NULL	rain aim gain main brain claim grain drain chain train pain plain bail jail fail mail nail snail pail quail	NULL	1	2002-08-26 00:00:00.000	1	2002-08-26 00:00:00.000
93	300	1	1	Double Vowel Rule "ay"	NULL	NULL	NULL	bay hay Ray gray Jay Fay tray fray day stay	NULL	1	2002-08-26 00:00:00.000	1	2002-08-26 00:00:00.000
94	310	1	1	Double Vowel Rule "ee"	NULL	NULL	NULL	deed week meek peek reef beef feed heel teen seen peel beep weep deep keep	NULL	1	2002-08-26 00:00:00.000	1	2002-08-26 00:00:00.000
95	320	1	1	Double Vowel Rule "ea"	NULL	NULL	NULL	tea beam heat leaf neat read meat flea leave reach hear least leak steal feast	NULL	1	2002-08-26 00:00:00.000	1	2002-08-26 00:00:00.000
96	330	1	1	Double Vowel Rule "oa, oe, ow"	NULL	NULL	NULL	float loan coach bloat coal boar groan Joan road moan oath load oaf roast coast loaf foam oak	NULL	1	2002-08-26 00:00:00.000	1	2002-08-26 00:00:00.000
97	340	1	1	Double Vowel Rule "ui, ew"	NULL	NULL	NULL	suit fruit flue glue due Sue hue blue clue cue	NULL	1	2002-08-26 00:00:00.000	1	2002-08-26 00:00:00.000
98	350	1	1	Double Vowel Rule "ie"	NULL	NULL	NULL	die spied lie tie cries died lies pies tied lied	NULL	1	2002-08-26 00:00:00.000	1	2002-08-26 00:00:00.000
99	2000	1	0	Basic Words	NULL	NULL	NULL	The boy ran you went She is a girl like often I here He to school look they and this	NULL	NULL	NULL	NULL	NULL
100	2010	2	0	Basic Words	NULL	NULL	NULL	We are going school that them dog his was They in house him book not here today table us This for father	NULL	NULL	NULL	NULL	NULL
101	2020	3	0	Basic Words	NULL	NULL	NULL	mother at home Sunday today father with are It was me book on table Can look for went doing Will	NULL	NULL	NULL	NULL	NULL
102	2030	4	0	Basic Words	NULL	NULL	NULL	Will come on  Monday were told What they doing cat was thinking of girl where your house did as	NULL	NULL	NULL	NULL	NULL
103	2040	5	0	Basic Words	NULL	NULL	NULL	go but did not very would Please be on time for have bed good party came one give friend again This story is	NULL	NULL	NULL	NULL	NULL
104	2050	6	0	Basic Words	NULL	NULL	NULL	about small job party had city you'd can give if stairs time Would some apples oranges friend went up bed will take	NULL	NULL	NULL	NULL	NULL
105	2060	7	0	Basic Words	NULL	NULL	NULL	her much back that early morning money When come again restaurant I'm love so more All children came	NULL	NULL	NULL	NULL	NULL
106	2070	8	0	Basic Words	NULL	NULL	NULL	have any more money there present been before tonight I'm going go out sister nice was from park children very day apples want	NULL	NULL	NULL	NULL	NULL
107	2080	9	0	Basic Words	NULL	NULL	NULL	brother tomorrow lunch ball First will eat then last said can't no night drove I'll get for know coming	NULL	NULL	NULL	NULL	NULL
108	2090	10	0	Basic Words	NULL	NULL	NULL	Which would like best or first can't Were there three people man coming visit only little time get How know answer ate	NULL	NULL	NULL	NULL	NULL
109	2100	11	0	Basic Words	NULL	NULL	NULL	Our house near large city next car Will please make pie dinner only Who going there Wednesday has answer ate lunch drove their job new Please	0	NULL	NULL	NULL	NULL
110	2110	12	0	Basic Words	NULL	NULL	NULL	put your new desk young many It's been long time since here work saw last year father's You're just for drove old car dinner	NULL	NULL	NULL	NULL	NULL
111	2120	13	0	Basic Words	NULL	NULL	NULL	other saw pretty flower box think Would stand tree fell find way could down home after	NULL	NULL	NULL	NULL	NULL
112	2130	14	0	Basic Words	NULL	NULL	NULL	live city far away left liked Soon upon animal want eat breakfast little color red best After men out car	NULL	NULL	NULL	NULL	NULL
113	2140	15	0	Basic Words	NULL	NULL	NULL	hope run into friend today hello say will when her because is for only years old found glad white liked play with rabbit wish	NULL	NULL	NULL	NULL	NULL
114	2150	16	0	Basic Words	NULL	NULL	NULL	would bring present now noon hand May black puppy always Will please use bicycle tomorrow Saturday right They here next	NULL	NULL	NULL	NULL	NULL
115	2160	17	0	Basic Words	NULL	NULL	NULL	Why then was going leave cake read put these things under while more well better another are here should would piece	NULL	NULL	NULL	NULL	NULL
116	2170	18	0	Basic Words	NULL	NULL	NULL	five them seem very nice people week both never seen person before new told climb high oak tree coming over Wednesday each own Shall	NULL	NULL	NULL	NULL	NULL
117	2180	19	0	Basic Words	NULL	NULL	NULL	picnic Saturday afternoon kind dear I'm going wait here until call water happy very name Judy get glass ice tea hot put beautiful I'm	NULL	NULL	NULL	NULL	NULL
118	2190	20	0	Basic Words	NULL	NULL	NULL	always such beautiful tea store would very kind along end Most shop grocery early morning used more than forget hands before wasn't door	NULL	NULL	NULL	NULL	NULL
119	2200	21	0	Basic Words	NULL	NULL	NULL	sure that would there last Tuesday haven't forget open door don't hands When store buy vegetables fruit seen long Next Friday I'll visit late morning work very early also child	NULL	NULL	NULL	NULL	NULL
120	2210	22	0	Basic Words	NULL	NULL	NULL	show nice thing gave would ask small child next over with want thank help yesterday write think of every Before sleep tonight I'm yellow hope letter wrote month think	NULL	NULL	NULL	NULL	NULL
121	2220	23	0	Basic Words	NULL	NULL	NULL	yellow very nice month bought beautiful brown coat week was city church wrote children are sing Sunday winter face run fast jump far sports child watch airplanes fly also with other swim cool	NULL	NULL	NULL	NULL	NULL
122	2230	24	0	Basic Words	NULL	NULL	NULL	long walk cold winter works know more does Many times watch sit afternoon swim myself cool water love under green trees children woman beautiful face would	NULL	NULL	NULL	NULL	NULL
123	100000	NULL	NULL	Beginning Phonics Evaluation (don't use)	BeginPhonicsEval	NULL	NULL	Instructions go here.	NULL	NULL	NULL	NULL	NULL
124	200000	NULL	NULL	Teaching the Alphabet (don't use)	TeachAlphabet	NULL	NULL	Insructions.	NULL	NULL	NULL	NULL	NULL
125	300000	NULL	NULL	Teaching Consonant Sounds (don't use)	TeachingConsonants	NULL	NULL	Instructions.	NULL	NULL	NULL	NULL	NULL
126	40	NULL	NULL	Upper Case Letters	NULL	NULL	NULL	F J P A U Z D N H B X Q S E G K V I W C M Y O L T R	NULL	NULL	NULL	NULL	NULL
127	50	NULL	NULL	Lower Case Letters	NULL	NULL	NULL	y c t a x j r e i o s z f k l	NULL	NULL	NULL	NULL	NULL
128	60	NULL	NULL	Reversal/Confusion Tendencies	NULL	NULL	NULL	h m g p b u w d q n d g m q b w h p u d q b g n p	NULL	NULL	NULL	NULL	NULL
129	70	NULL	NULL	Consonant Sounds	NULL	NULL	NULL	ball cat dog fish goat house jet kitten lamb Mother nest pony queen rabbit sun top van wagon box yes zoo	NULL	NULL	NULL	NULL	NULL

(129 row(s) affected)

